// Vitest Snapshot v1, https://vitest.dev/guide/snapshot.html

exports[`SearchResults.vue > matches snapshot 1`] = `
<div>
  <div
    class="px-5 py-10"
  >
    <ul
      class="flex gap-3 flex-wrap list-none p-0 m-0"
    >
      
      <li>
        <div />
      </li>
      <li>
        <div />
      </li>
      
    </ul>
  </div>
</div>
`;
