// Vitest Snapshot v1, https://vitest.dev/guide/snapshot.html

exports[`ShowCard.vue > matches snapshot 1`] = `
<div>
  <div
    class="flex flex-col gap-2 mb-5"
  >
    <a
      class="rounded-xl focus-ring"
      data-testid="/show/42"
      href="/show/42"
      role="link"
    >
      
      <article>
        <div
          class="w-64 h-96 bg-white rounded-xl hover:-translate-y-1 overflow-hidden relative shadow-xl flex flex-col transition duration-200 ease-in-out"
        >
          <img
            alt="The Wire"
            class="w-full h-full object-cover"
            loading="lazy"
            src="https://static.tvmaze.com/uploads/images/medium_portrait/504/1260189.jpg"
          />
          <span
            class="top-3 right-3 bg-black/80 text-white px-2.5 py-1.5 rounded-badge text-sm"
            data-testid="show-rating"
          >
            8.9
          </span>
        </div>
      </article>
      
    </a>
    <h3
      class="text-base font-medium mt-2 mb-0 text-gray-800 text-left px-2 overflow-hidden"
    >
      The Wire
    </h3>
  </div>
</div>
`;
