// Vitest Snapshot v1, https://vitest.dev/guide/snapshot.html

exports[`SortDropDown.vue > matches snapshot 1`] = `
<div>
  <div
    class="relative inline-flex items-center bg-gray-100 rounded-lg px-3 md:min-w-dropdown"
    data-v-958fad9e=""
  >
    <select
      aria-label="Sort shows by"
      class="appearance-none bg-transparent border-none py-2.5 pr-6 text-sm text-gray-900 w-full cursor-pointer font-medium focus-ring"
      data-v-958fad9e=""
      id="sort-select"
      value="rating-desc"
    >
      
      <option
        data-v-958fad9e=""
        value="rating-desc"
      >
        Rating: High to Low
      </option>
      <option
        data-v-958fad9e=""
        value="rating-asc"
      >
        Rating: Low to High
      </option>
      
    </select>
    <span
      aria-hidden="true"
      class="absolute right-3 w-4 h-4 text-gray-500 pointer-events-none shrink-0"
      data-v-958fad9e=""
    />
  </div>
</div>
`;
